<area shape="rect" href="$qgscoordinatetransform_8h.html" title="src/core/qgscoordinatetransform.h" alt="" coords="5469,84,5712,111">
<area shape="rect" href="$qgsvectorlayer_8cpp.html" title="src/core/qgsvectorlayer.cpp" alt="" coords="1249,393,1444,420">
<area shape="rect" href="$qgsrasterlayer_8cpp.html" title="src/core/raster/qgsrasterlayer.cpp" alt="" coords="5564,239,5799,265">
<area shape="rect" href="$qgsdistancearea_8cpp.html" title="src/core/qgsdistancearea.cpp" alt="" coords="7913,239,8121,265">
<area shape="rect" href="$qgsvectorfilewriter_8cpp.html" title="src/core/qgsvectorfilewriter.cpp" alt="" coords="7420,239,7639,265">
<area shape="rect" href="$qgsgeometryanalyzer_8cpp.html" title="src/analysis/vector/qgsgeometryanalyzer.cpp" alt="" coords="8145,239,8452,265">
<area shape="rect" href="$qgsoverlayanalyzer_8cpp.html" title="src/analysis/vector/qgsoverlayanalyzer.cpp" alt="" coords="8476,239,8767,265">
<area shape="rect" href="$qgscoordinatereferencesystem_8cpp.html" title="src/core/qgscoordinatereferencesystem.cpp" alt="" coords="8615,84,8916,111">
<area shape="rect" href="$qgsmaplayer_8cpp.html" title="src/core/qgsmaplayer.cpp" alt="" coords="8940,84,9124,111">
<area shape="rect" href="$qgsprojectionselector_8cpp.html" title="src/gui/qgsprojectionselector.cpp" alt="" coords="9148,84,9377,111">
<area shape="rect" href="$qgsrendercontext_8h.html" title="src/core/qgsrendercontext.h" alt="" coords="2993,161,3193,188">
<area shape="rect" href="$qgsmaprenderer_8cpp.html" title="src/core/qgsmaprenderer.cpp" alt="" coords="5331,316,5539,343">
<area shape="rect" href="$qgscomposermap_8cpp.html" title="src/core/composer/qgscomposermap.cpp" alt="" coords="4431,316,4719,343">
<area shape="rect" href="$qgslabel_8cpp.html" title="src/core/qgslabel.cpp" alt="" coords="1155,316,1309,343">
<area shape="rect" href="$qgsgeometry_8h.html" title="src/core/qgsgeometry.h" alt="" coords="6739,161,6909,188">
<area shape="rect" href="$qgscoordinatetransform_8cpp.html" title="src/core/qgscoordinatetransform.cpp" alt="" coords="4281,161,4537,188">
<area shape="rect" href="$qgsdistancearea_8h.html" title="src/core/qgsdistancearea.h" alt="" coords="7883,161,8077,188">
<area shape="rect" href="$qgsmaprenderer_8h.html" title="src/core/qgsmaprenderer.h" alt="" coords="4663,239,4857,265">
<area shape="rect" href="$qgsmapcanvasitem_8cpp.html" title="src/gui/qgsmapcanvasitem.cpp" alt="" coords="4743,316,4961,343">
<area shape="rect" href="$qgscentralpointpositionmanager_8h.html" title="src/core/qgscentralpointpositionmanager.h" alt="" coords="5247,239,5540,265">
<area shape="rect" href="$qgslabel_8h.html" title="src/core/qgslabel.h" alt="" coords="911,239,1052,265">
<area shape="rect" href="$qgspalobjectpositionmanager_8cpp.html" title="src/core/qgspalobjectpositionmanager.cpp" alt="" coords="7187,316,7477,343">
<area shape="rect" href="$qgsrendercontext_8cpp.html" title="src/core/qgsrendercontext.cpp" alt="" coords="1076,239,1292,265">
<area shape="rect" href="$qgsrenderer_8h.html" title="src/core/renderer/qgsrenderer.h" alt="" coords="409,239,633,265">
<area shape="rect" href="$qgssinglesymbolrenderer_8h.html" title="src/core/renderer/qgssinglesymbolrenderer.h" alt="" coords="133,316,440,343">
<area shape="rect" href="$qgssinglesymbolrenderer_8cpp.html" title="src/core/renderer/qgssinglesymbolrenderer.cpp" alt="" coords="5,393,328,420">
<area shape="rect" href="$qgssymbollayerv2_8cpp.html" title="src/core/symbology&#45;ng/qgssymbollayerv2.cpp" alt="" coords="515,316,827,343">
<area shape="rect" href="$qgssymbolv2_8cpp.html" title="src/core/symbology&#45;ng/qgssymbolv2.cpp" alt="" coords="851,316,1131,343">
<area shape="rect" href="$qgscontinuouscolorrenderer_8cpp.html" title="src/core/renderer/qgscontinuouscolorrenderer.cpp" alt="" coords="1316,239,1655,265">
<area shape="rect" href="$qgsgraduatedsymbolrenderer_8cpp.html" title="src/core/renderer/qgsgraduatedsymbolrenderer.cpp" alt="" coords="1679,239,2031,265">
<area shape="rect" href="$qgsuniquevaluerenderer_8cpp.html" title="src/core/renderer/qgsuniquevaluerenderer.cpp" alt="" coords="2055,239,2369,265">
<area shape="rect" href="$qgsfillsymbollayerv2_8cpp.html" title="src/core/symbology&#45;ng/qgsfillsymbollayerv2.cpp" alt="" coords="2393,239,2719,265">
<area shape="rect" href="$qgslinesymbollayerv2_8cpp.html" title="src/core/symbology&#45;ng/qgslinesymbollayerv2.cpp" alt="" coords="2743,239,3076,265">
<area shape="rect" href="$qgsmarkersymbollayerv2_8cpp.html" title="src/core/symbology&#45;ng/qgsmarkersymbollayerv2.cpp" alt="" coords="3100,239,3457,265">
<area shape="rect" href="$qgsrendererv2_8cpp.html" title="src/core/symbology&#45;ng/qgsrendererv2.cpp" alt="" coords="4881,239,5172,265">
<area shape="rect" href="$qgsrulebasedrendererv2_8cpp.html" title="src/core/symbology&#45;ng/qgsrulebasedrendererv2.cpp" alt="" coords="3481,239,3833,265">
<area shape="rect" href="$qgssymbollayerv2utils_8cpp.html" title="src/core/symbology&#45;ng/qgssymbollayerv2utils.cpp" alt="" coords="3857,239,4196,265">
<area shape="rect" href="$qgsannotationitem_8cpp.html" title="src/gui/qgsannotationitem.cpp" alt="" coords="4220,239,4436,265">
<area shape="rect" href="$qgspallabeling_8cpp.html" title="src/core/qgspallabeling.cpp" alt="" coords="5069,316,5264,343">
<area shape="rect" href="$qgsrubberband_8cpp.html" title="src/gui/qgsrubberband.cpp" alt="" coords="6408,316,6600,343">
<area shape="rect" href="$qgscentralpointpositionmanager_8cpp.html" title="src/core/qgscentralpointpositionmanager.cpp" alt="" coords="6624,316,6933,343">
<area shape="rect" href="$qgsoverlayobject_8h.html" title="src/core/qgsoverlayobject.h" alt="" coords="7100,239,7295,265">
<area shape="rect" href="$qgsoverlayobject_8cpp.html" title="src/core/qgsoverlayobject.cpp" alt="" coords="7501,316,7712,343">
<area shape="rect" href="$qgspalgeometry_8cpp.html" title="src/core/qgspalgeometry.cpp" alt="" coords="6957,316,7163,343">
<area shape="rect" href="$qgsfeature_8cpp.html" title="src/core/qgsfeature.cpp" alt="" coords="5975,239,6145,265">
<area shape="rect" href="$qgsgeometry_8cpp.html" title="src/core/qgsgeometry.cpp" alt="" coords="6169,239,6356,265">
<area shape="rect" href="$qgssearchtreenode_8cpp.html" title="src/core/qgssearchtreenode.cpp" alt="" coords="7663,239,7889,265">
<area shape="rect" href="$qgsvectorlayerundocommand_8cpp.html" title="src/core/qgsvectorlayerundocommand.cpp" alt="" coords="6380,239,6673,265">
<area shape="rect" href="$qgsrubberband_8h.html" title="src/gui/qgsrubberband.h" alt="" coords="6799,239,6975,265">
