<area shape="rect" href="$qgslinesymbollayerv2_8h.html" title="qgslinesymbollayerv2.h" alt="" coords="1100,84,1271,111">
<area shape="rect" href="$qgssymbollayerv2utils_8h.html" title="qgssymbollayerv2utils.h" alt="" coords="975,239,1148,265">
<area shape="rect" href="$qgsrendercontext_8h.html" title="qgsrendercontext.h" alt="" coords="373,161,520,188">
<area shape="rect" href="$qgssymbollayerv2_8h.html" title="qgssymbollayerv2.h" alt="" coords="1112,161,1259,188">
<area shape="rect" href="$qgssymbolv2_8h.html" title="qgssymbolv2.h" alt="" coords="1091,316,1208,343">
<area shape="rect" href="$qgis_8h.html" title="qgis.h" alt="" coords="764,393,823,420">
<area shape="rect" href="$qgscoordinatetransform_8h.html" title="qgscoordinatetransform.h" alt="" coords="260,239,447,265">
<area shape="rect" href="$qgsrectangle_8h.html" title="qgsrectangle.h" alt="" coords="5,316,120,343">
<area shape="rect" href="$qgsmaptopixel_8h.html" title="qgsmaptopixel.h" alt="" coords="528,239,656,265">
<area shape="rect" href="$qgspoint_8h.html" title="qgspoint.h" alt="" coords="195,393,283,420">
<area shape="rect" href="$qgscsexception_8h.html" title="qgscsexception.h" alt="" coords="341,316,472,343">
<area shape="rect" href="$qgscoordinatereferencesystem_8h.html" title="qgscoordinatereferencesystem.h" alt="" coords="632,316,864,343">
<area shape="rect" href="$qgsexception_8h.html" title="qgsexception.h" alt="" coords="413,393,531,420">
