<area shape="rect" href="$qgspallabeling_8h.html" title="qgspallabeling.h" alt="" coords="1973,84,2096,111">
<area shape="rect" href="$qgsvectorlayer_8h.html" title="qgsvectorlayer.h" alt="" coords="1429,161,1555,188">
<area shape="rect" href="$qgslogger_8h.html" title="qgslogger.h" alt="" coords="113,393,209,420">
<area shape="rect" href="$qgsmaplayerregistry_8h.html" title="qgsmaplayerregistry.h" alt="" coords="837,239,1000,265">
<area shape="rect" href="$qgsvectordataprovider_8h.html" title="qgsvectordataprovider.h" alt="" coords="1347,84,1523,111">
<area shape="rect" href="$qgsgeometry_8h.html" title="qgsgeometry.h" alt="" coords="275,161,389,188">
<area shape="rect" href="$qgsmaprenderer_8h.html" title="qgsmaprenderer.h" alt="" coords="637,84,776,111">
<area shape="rect" href="$qgspoint_8h.html" title="qgspoint.h" alt="" coords="555,393,643,420">
<area shape="rect" href="$qgis_8h.html" title="qgis.h" alt="" coords="704,239,763,265">
<area shape="rect" href="$qgsmaplayer_8h.html" title="qgsmaplayer.h" alt="" coords="1368,239,1483,265">
<area shape="rect" href="$qgsfeature_8h.html" title="qgsfeature.h" alt="" coords="1507,239,1608,265">
<area shape="rect" href="$qgssnapper_8h.html" title="qgssnapper.h" alt="" coords="1739,239,1845,265">
<area shape="rect" href="$qgsfield_8h.html" title="qgsfield.h" alt="" coords="1632,239,1715,265">
<area shape="rect" href="$qgsrectangle_8h.html" title="qgsrectangle.h" alt="" coords="541,316,656,343">
<area shape="rect" href="$qgsdataprovider_8h.html" title="qgsdataprovider.h" alt="" coords="967,161,1103,188">
<area shape="rect" href="$qgscoordinatetransform_8h.html" title="qgscoordinatetransform.h" alt="" coords="392,239,579,265">
<area shape="rect" href="$qgsrendercontext_8h.html" title="qgsrendercontext.h" alt="" coords="413,161,560,188">
