<area shape="rect" href="$qgscomposerlegenditem_8cpp.html" title="src/core/composer/qgscomposerlegenditem.cpp" alt="" coords="65,84,396,111">
<area shape="rect" href="$qgslegendmodel_8cpp.html" title="src/core/composer/qgslegendmodel.cpp" alt="" coords="420,84,697,111">
<area shape="rect" href="$qgscategorizedsymbolrendererv2_8cpp.html" title="src/core/symbology&#45;ng/qgscategorizedsymbolrendererv2.cpp" alt="" coords="5,239,416,265">
<area shape="rect" href="$qgssymbollayerv2_8h.html" title="src/core/symbology&#45;ng/qgssymbollayerv2.h" alt="" coords="2051,84,2347,111">
<area shape="rect" href="$qgsgraduatedsymbolrendererv2_8cpp.html" title="src/core/symbology&#45;ng/qgsgraduatedsymbolrendererv2.cpp" alt="" coords="440,239,843,265">
<area shape="rect" href="$qgssymbollayerv2utils_8cpp.html" title="src/core/symbology&#45;ng/qgssymbollayerv2utils.cpp" alt="" coords="1517,239,1856,265">
<area shape="rect" href="$qgsvectorcolorrampv2_8cpp.html" title="src/core/symbology&#45;ng/qgsvectorcolorrampv2.cpp" alt="" coords="867,239,1205,265">
<area shape="rect" href="$qgsfillsymbollayerv2_8cpp.html" title="src/core/symbology&#45;ng/qgsfillsymbollayerv2.cpp" alt="" coords="2963,239,3288,265">
<area shape="rect" href="$qgsmarkersymbollayerv2_8cpp.html" title="src/core/symbology&#45;ng/qgsmarkersymbollayerv2.cpp" alt="" coords="3669,239,4027,265">
<area shape="rect" href="$qgslinesymbollayerv2_8cpp.html" title="src/core/symbology&#45;ng/qgslinesymbollayerv2.cpp" alt="" coords="3312,239,3645,265">
<area shape="rect" href="$qgsrendererv2_8cpp.html" title="src/core/symbology&#45;ng/qgsrendererv2.cpp" alt="" coords="3769,84,4060,111">
<area shape="rect" href="$qgsrulebasedrendererv2_8cpp.html" title="src/core/symbology&#45;ng/qgsrulebasedrendererv2.cpp" alt="" coords="4084,84,4436,111">
<area shape="rect" href="$qgssinglesymbolrendererv2_8cpp.html" title="src/core/symbology&#45;ng/qgssinglesymbolrendererv2.cpp" alt="" coords="4460,84,4833,111">
<area shape="rect" href="$qgsstylev2_8h.html" title="src/core/symbology&#45;ng/qgsstylev2.h" alt="" coords="1223,161,1473,188">
<area shape="rect" href="$qgsannotationitem_8cpp.html" title="src/gui/qgsannotationitem.cpp" alt="" coords="4857,84,5073,111">
<area shape="rect" href="$qgsvectorlayer_8cpp.html" title="src/core/qgsvectorlayer.cpp" alt="" coords="1548,161,1743,188">
<area shape="rect" href="$qgsvectorcolorrampv2_8h.html" title="src/core/symbology&#45;ng/qgsvectorcolorrampv2.h" alt="" coords="873,161,1199,188">
<area shape="rect" href="$qgsfillsymbollayerv2_8h.html" title="src/core/symbology&#45;ng/qgsfillsymbollayerv2.h" alt="" coords="2236,161,2545,188">
<area shape="rect" href="$qgssymbolv2_8cpp.html" title="src/core/symbology&#45;ng/qgssymbolv2.cpp" alt="" coords="2261,239,2541,265">
<area shape="rect" href="$qgsmarkersymbollayerv2_8h.html" title="src/core/symbology&#45;ng/qgsmarkersymbollayerv2.h" alt="" coords="2913,161,3257,188">
<area shape="rect" href="$qgslinesymbollayerv2_8h.html" title="src/core/symbology&#45;ng/qgslinesymbollayerv2.h" alt="" coords="2569,161,2889,188">
<area shape="rect" href="$qgssymbollayerv2registry_8h.html" title="src/core/symbology&#45;ng/qgssymbollayerv2registry.h" alt="" coords="1767,161,2111,188">
<area shape="rect" href="$qgssymbollayerv2_8cpp.html" title="src/core/symbology&#45;ng/qgssymbollayerv2.cpp" alt="" coords="3281,161,3593,188">
<area shape="rect" href="$qgsstylev2_8cpp.html" title="src/core/symbology&#45;ng/qgsstylev2.cpp" alt="" coords="1229,239,1493,265">
<area shape="rect" href="$qgssymbollayerv2registry_8cpp.html" title="src/core/symbology&#45;ng/qgssymbollayerv2registry.cpp" alt="" coords="1880,239,2237,265">
<area shape="rect" href="$qgssymbologyv2conversion_8cpp.html" title="src/core/symbology&#45;ng/qgssymbologyv2conversion.cpp" alt="" coords="2565,239,2939,265">
